{
  "entries": [
    {
      "sys": {
        "space": {
          "sys": {
            "type": "Link",
            "linkType": "Space",
            "id": "s1zkp12rqz4o"
          }
        },
        "id": "6aOPY3UVh8M4lihW9xe17E",
        "type": "Entry",
        "createdAt": "2019-05-09T12:23:40.847Z",
        "updatedAt": "2020-02-12T20:37:39.744Z",
        "environment": {
          "sys": {
            "id": "master",
            "type": "Link",
            "linkType": "Environment"
          }
        },
        "publishedVersion": 31,
        "publishedAt": "2020-02-12T20:37:39.744Z",
        "firstPublishedAt": "2019-05-09T12:24:31.210Z",
        "createdBy": {
          "sys": {
            "type": "Link",
            "linkType": "User",
            "id": "3MstbJCIUT0VdP4m5mvCEb"
          }
        },
        "updatedBy": {
          "sys": {
            "type": "Link",
            "linkType": "User",
            "id": "3MstbJCIUT0VdP4m5mvCEb"
          }
        },
        "publishedCounter": 13,
        "version": 32,
        "publishedBy": {
          "sys": {
            "type": "Link",
            "linkType": "User",
            "id": "3MstbJCIUT0VdP4m5mvCEb"
          }
        },
        "contentType": {
          "sys": {
            "type": "Link",
            "linkType": "ContentType",
            "id": "element"
          }
        }
      },
      "fields": {
        "subtitle": {
          "en": "If you have already placed an order online, I will help you with what you need."
        },
        "pic": {
          "en": {
            "sys": {
              "type": "Link",
              "linkType": "Asset",
              "id": "pic_en_id"
            }
          }
        },
        "buttons": {
          "en": [
            {
              "sys": {
                "type": "Link",
                "linkType": "Entry",
                "id": "355OUqAjftJoMxMggs1vXj"
              }
            }
          ]
        }
      }
    }
  ],
  "locales": [
    {
      "name": "English",
      "code": "en",
      "fallbackCode": null,
      "default": true,
      "contentManagementApi": true,
      "contentDeliveryApi": true,
      "optional": false,
      "sys": {
        "type": "Locale",
        "id": "1bWHRp7NLvmKaYopPOPeOd",
        "version": 1,
        "space": {
          "sys": {
            "type": "Link",
            "linkType": "Space",
            "id": "s1zkp12rqz4o"
          }
        },
        "environment": {
          "sys": {
            "type": "Link",
            "linkType": "Environment",
            "id": "master"
          }
        },
        "createdBy": {
          "sys": {
            "type": "Link",
            "linkType": "User",
            "id": "3MstbJCIUT0VdP4m5mvCEb"
          }
        },
        "createdAt": "2019-05-09T12:23:19Z",
        "updatedBy": {
          "sys": {
            "type": "Link",
            "linkType": "User",
            "id": "3MstbJCIUT0VdP4m5mvCEb"
          }
        },
        "updatedAt": "2019-05-09T12:23:19Z"
      }
    }
  ],
  "assets": [
    {
      "sys": {
        "space": {
          "sys": {
            "type": "Link",
            "linkType": "Space",
            "id": "5wh7etpd1y84"
          }
        },
        "id": "4yiuNsEcnINqDEfNEX2Ap2",
        "type": "Asset",
        "createdAt": "2019-04-29T11:25:44.944Z",
        "updatedAt": "2019-11-19T14:50:44.220Z",
        "environment": {
          "sys": {
            "id": "master",
            "type": "Link",
            "linkType": "Environment"
          }
        },
        "publishedVersion": 20,
        "publishedAt": "2019-11-19T14:50:44.220Z",
        "firstPublishedAt": "2019-04-29T11:25:59.165Z",
        "createdBy": {
          "sys": {
            "type": "Link",
            "linkType": "User",
            "id": "3MstbJCIUT0VdP4m5mvCEb"
          }
        },
        "updatedBy": {
          "sys": {
            "type": "Link",
            "linkType": "User",
            "id": "3MstbJCIUT0VdP4m5mvCEb"
          }
        },
        "publishedCounter": 7,
        "version": 21,
        "publishedBy": {
          "sys": {
            "type": "Link",
            "linkType": "User",
            "id": "3MstbJCIUT0VdP4m5mvCEb"
          }
        }
      },
      "fields": {
        "title": {
          "en": "PRE_MENU_CRSL"
        },
        "description": {
          "en": "Dudas previas a la compra"
        },
        "file": {
          "en": {
            "url": "//images.ctfassets.net/5wh7etpd1y84/4yiuNsEcnINqDEfNEX2Ap2/a5da90e35b609732985b67c2643fafe1/img_01_comprar_new.png",
            "details": {
              "size": 394890,
              "image": {
                "width": 531,
                "height": 600
              }
            },
            "fileName": "img_01_comprar_new.png",
            "contentType": "image/png"
          }
        }
      }
    }
  ]
}
