{
  "entries": [
    {
      "sys": {
        "space": {
          "sys": {
            "type": "Link",
            "linkType": "Space",
            "id": "5wh7etpd1y84"
          }
        },
        "id": "fAcJdXr4j6rHIokQGsnlI",
        "type": "Entry",
        "createdAt": "2019-12-10T17:49:43.659Z",
        "updatedAt": "2019-12-10T17:50:18.186Z",
        "environment": {
          "sys": {
            "id": "master",
            "type": "Link",
            "linkType": "Environment"
          }
        },
        "publishedVersion": 15,
        "publishedAt": "2019-12-10T17:50:18.186Z",
        "firstPublishedAt": "2019-12-10T17:50:18.186Z",
        "createdBy": {
          "sys": {
            "type": "Link",
            "linkType": "User",
            "id": "7pw415zrTj6gGbWJEDdbD8"
          }
        },
        "updatedBy": {
          "sys": {
            "type": "Link",
            "linkType": "User",
            "id": "7pw415zrTj6gGbWJEDdbD8"
          }
        },
        "publishedCounter": 1,
        "version": 16,
        "publishedBy": {
          "sys": {
            "type": "Link",
            "linkType": "User",
            "id": "7pw415zrTj6gGbWJEDdbD8"
          }
        },
        "contentType": {
          "sys": {
            "type": "Link",
            "linkType": "ContentType",
            "id": "hourRange"
          }
        }
      },
      "fields": {
        "name": {
          "it": "18 a 19h"
        },
        "fromHour": {
          "it": 18
        },
        "fromMinute": {
          "it": 0
        },
        "toHour": {
          "it": 19
        },
        "toMinute": {
          "it": 0
        }
      }
    }
  ],
  "locales": [
    {
      "name": "it",
      "code": "it",
      "fallbackCode": null,
      "default": true,
      "contentManagementApi": true,
      "contentDeliveryApi": true,
      "optional": false,
      "sys": {
        "type": "Locale",
        "id": "3nYuKXPkPlkI5kTdO2BmEl",
        "version": 1,
        "space": {
          "sys": {
            "type": "Link",
            "linkType": "Space",
            "id": "5wh7etpd1y84"
          }
        },
        "environment": {
          "sys": {
            "type": "Link",
            "linkType": "Environment",
            "id": "master"
          }
        },
        "createdAt": "2020-03-18T13:45:33Z",
        "updatedAt": "2020-03-18T13:45:33Z"
      }
    }
  ]
}
